---
source: op4-tui/tests/ui_snapshots.rs
expression: output
---
                                                            
  █▀▀▀▀▀█ ██ ▄▄█▀▀▄▀█▀▀ █▀▀▀▀▀█                             
  █ ███ █ ▄▀▀   ▄▄▀▄▀   █ ███ █                             
  █ ▀▀▀ █  ▄█ ▄▄▀▄█▀▄█▄ █ ▀▀▀ █                             
  ▀▀▀▀▀▀▀ █ ▀ ▀ ▀▄█▄▀▄▀ ▀▀▀▀▀▀▀                             
  ▀ █▀ ▀▀▀▄▀ ▀▄█▄█ ▀█ █▄█▄▄▀ ██                             
  █▄ ██▄▀█ █▄▀ ▀  █▀█▄▀█▀▀▀▄ ▀▄                             
  ▄▀▀  ▄▀ ▄█▄██ █▀▄ ▄▄▀ ▄  ▀█▄▄                             
   █  ▄▄▀▄██▄██▀▄▀█▀▀▀▀▀▄█▀▀▀▄▀                             
   █ █▄▄▀▄ ▄█ █ █▀█ ▀ ██ ▄ █▄▄                              
  ▀  █▀▄▀▀▄█ ▀▄██▀▀▄ ▄▄   ▀▄█▄▄                             
   ▀ ▀▀ ▀ ▄▄█ ▀▀▀▄█▀███▀▀▀█▄▀█▄                             
  █▀▀▀▀▀█ █▄ ▄ ▄██ ▀▄▀█ ▀ █ ▀▀                              
  █ ███ █ ▄▀▄▀     █▄ ██▀▀█▄█▄▀                             
  █ ▀▀▀ █ ▀▀▀▄██ ▄  █▄▄█ █ ▄ ▄▀                             
  ▀▀▀▀▀▀▀ ▀ ▀   ▀   ▀▀▀▀▀▀ ▀ ▀
